<?xml version="1.0" encoding="utf-8"?>
<!--
Copyright (c) 2014 Ericsson AB.
All rights reserved 

DX ECIM Tool-chain generated this file on 2014-07-28 13:42:17 using:
* com.ericsson.ecim.cpp.pm 2.11.1.qualifier
-->
<imm:IMM-contents xmlns:imm="http://www.saforum.org/IMMSchema" xmlns:xs="http://www.w3.org/2001/XMLSchema" xmlns:xsi="http://www.w3.org/2001/XMLSchema-instance" xsi:schemaLocation="http://www.saforum.org/IMMSchema SAI-AIS-IMM-XSD-A.01.01.xsd">
<class name="ManagedElement">
   <category>SA_CONFIG</category>
   <rdn>
     <name>dummyName</name>
     <type>SA_STRING_T</type>
     <category>SA_CONFIG</category>
     <flag>SA_INITIALIZED</flag>
   </rdn>
   <attr>
     <name>pmProcessorLoad</name>
     <type>SA_INT32_T</type>
     <category>SA_RUNTIME</category>
   </attr>
   <attr>
     <name>pmLicConnectedUsersHardLimit</name>
     <type>SA_INT32_T</type>
     <category>SA_RUNTIME</category>
   </attr>
   <attr>
     <name>pmSwitchIngressDiscards</name>
     <type>SA_INT32_T</type>
     <category>SA_RUNTIME</category>
   </attr>
   <attr>
     <name>pmIfStatsDscpOutPkts2</name>
     <type>SA_INT64_T</type>
     <category>SA_RUNTIME</category>
     <flag>SA_MULTI_VALUE</flag>
   </attr>
   <attr>
     <name>pmZtemporary40</name>
     <type>SA_INT32_T</type>
     <category>SA_RUNTIME</category>
     <flag>SA_MULTI_VALUE</flag>
   </attr>
   <attr>
     <name>pmLicConnectedUsersLevSum</name>
     <type>SA_INT32_T</type>
     <category>SA_RUNTIME</category>
   </attr>
   <attr>
     <name>pmRrcConnTuneOutLevSamp</name>
     <type>SA_INT32_T</type>
     <category>SA_RUNTIME</category>
   </attr>
</class>
<class name="Equipment">
   <category>SA_CONFIG</category>
   <rdn>
     <name>dummyName</name>
     <type>SA_STRING_T</type>
     <category>SA_CONFIG</category>
     <flag>SA_INITIALIZED</flag>
   </rdn>
   <attr>
     <name>pmNoOfDot3StatsLateCollisions</name>
     <type>SA_INT32_T</type>
     <category>SA_RUNTIME</category>
   </attr>
   <attr>
     <name>pmIfOutMulticastPkts</name>
     <type>SA_INT32_T</type>
     <category>SA_RUNTIME</category>
   </attr>
   <attr>
     <name>pmNoOfFailedPingsDefaultRouter2</name>
     <type>SA_INT32_T</type>
     <category>SA_RUNTIME</category>
   </attr>
   <attr>
     <name>pmMeanAtmConnSetupIntensity</name>
     <type>SA_INT32_T</type>
     <category>SA_RUNTIME</category>
   </attr>
   <attr>
     <name>pmIfOutUcastPkts</name>
     <type>SA_INT32_T</type>
     <category>SA_RUNTIME</category>
   </attr>
   <attr>
     <name>pmIfStatsDscpOutPkts</name>
     <type>SA_INT64_T</type>
     <category>SA_RUNTIME</category>
     <flag>SA_MULTI_VALUE</flag>
   </attr>
   <attr>
     <name>pmIfStatsDscpInOctets</name>
     <type>SA_INT64_T</type>
     <category>SA_RUNTIME</category>
     <flag>SA_MULTI_VALUE</flag>
   </attr>
</class>
</imm:IMM-contents>
