<?xml version="1.0" encoding="ISO-8859-1" standalone="no"?>
<!--
	Copyright (c) 2015 Ericsson AB. 
	All rights reserved 

	DX ECIM Tool-chain generated this file on Apr 21, 2015 4:04:38 PM using:
	* com.ericsson.ecim.coremw.m2m 3.0.0.qualifier
	* com.ericsson.ecim.coremw.dsl 3.0.0.qualifier
	* com.ericsson.ecim.coremw.imm 3.0.0.qualifier
--><imm:IMM-contents xmlns:imm="http://www.saforum.org/IMMSchema" xmlns:xs="http://www.w3.org/2001/XMLSchema" xmlns:xsi="http://www.w3.org/2001/XMLSchema-instance" xsi:schemaLocation="http://www.saforum.org/IMMSchema SAI-AIS-IMM-XSD-A.02.12.xsd">
    <class name="Equipment">
        <category>SA_CONFIG</category>
        <rdn>
            <name>EquipmentId</name>
            <type>SA_STRING_T</type>
            <category>SA_CONFIG</category>
            <flag>SA_INITIALIZED</flag>
            <flag>SA_NOTIFY</flag>
        </rdn>
        <attr>
            <name>userLabel</name>
            <type>SA_STRING_T</type>
            <category>SA_CONFIG</category>
            <flag>SA_WRITABLE</flag>
            <flag>SA_NOTIFY</flag>
            <default-value/>
        </attr>
        <attr>
            <name>lastHwPiChange</name>
            <type>SA_STRING_T</type>
            <category>SA_RUNTIME</category>
        </attr>
    </class>
    <class name="ManagedElement">
        <category>SA_CONFIG</category>
        <rdn>
            <name>ManagedElementId</name>
            <type>SA_STRING_T</type>
            <category>SA_CONFIG</category>
            <flag>SA_INITIALIZED</flag>
            <flag>SA_NOTIFY</flag>
        </rdn>
        <attr>
            <name>userLabel</name>
            <type>SA_STRING_T</type>
            <category>SA_CONFIG</category>
            <flag>SA_WRITABLE</flag>
            <flag>SA_NOTIFY</flag>
            <default-value/>
        </attr>
        <attr>
            <name>site</name>
            <type>SA_STRING_T</type>
            <category>SA_CONFIG</category>
            <flag>SA_WRITABLE</flag>
            <flag>SA_NOTIFY</flag>
            <default-value/>
        </attr>
        <attr>
            <name>logicalName</name>
            <type>SA_STRING_T</type>
            <category>SA_CONFIG</category>
            <flag>SA_WRITABLE</flag>
            <flag>SA_NOTIFY</flag>
            <default-value/>
        </attr>
        <attr>
            <name>productType</name>
            <type>SA_STRING_T</type>
            <category>SA_CONFIG</category>
            <flag>SA_WRITABLE</flag>
            <default-value>Node</default-value>
        </attr>
        <attr>
            <name>productName</name>
            <type>SA_STRING_T</type>
            <category>SA_CONFIG</category>
            <flag>SA_WRITABLE</flag>
            <flag>SA_NOTIFY</flag>
            <default-value/>
        </attr>
        <attr>
            <name>productNumber</name>
            <type>SA_STRING_T</type>
            <category>SA_CONFIG</category>
            <flag>SA_WRITABLE</flag>
            <flag>SA_NOTIFY</flag>
            <default-value/>
        </attr>
        <attr>
            <name>productRevision</name>
            <type>SA_STRING_T</type>
            <category>SA_CONFIG</category>
            <flag>SA_WRITABLE</flag>
            <flag>SA_NOTIFY</flag>
            <default-value/>
        </attr>
        <attr>
            <name>mimName</name>
            <type>SA_STRING_T</type>
            <category>SA_RUNTIME</category>
        </attr>
        <attr>
            <name>faultTolerantCoreStates</name>
            <type>SA_STRING_T</type>
            <category>SA_RUNTIME</category>
            <flag>SA_MULTI_VALUE</flag>
        </attr>
        <attr>
            <name>applicationConfiguration</name>
            <type>SA_NAME_T</type>
            <category>SA_CONFIG</category>
            <flag>SA_WRITABLE</flag>
            <flag>SA_MULTI_VALUE</flag>
            <flag>SA_NOTIFY</flag>
        </attr>
        <attr>
            <name>mimInfo</name>
            <type>SA_NAME_T</type>
            <category>SA_RUNTIME</category>
        </attr>
        <attr>
            <name>healthCheckSchedule</name>
            <type>SA_NAME_T</type>
            <category>SA_CONFIG</category>
            <flag>SA_WRITABLE</flag>
            <flag>SA_MULTI_VALUE</flag>
            <flag>SA_NOTIFY</flag>
        </attr>
        <attr>
            <name>healthCheckResult</name>
            <type>SA_NAME_T</type>
            <category>SA_RUNTIME</category>
        </attr>
    </class>
    <class name="ManagedElementData">
        <category>SA_CONFIG</category>
        <rdn>
            <name>ManagedElementDataId</name>
            <type>SA_STRING_T</type>
            <category>SA_CONFIG</category>
            <flag>SA_INITIALIZED</flag>
            <flag>SA_NOTIFY</flag>
        </rdn>
        <attr>
            <name>autoConfigurationAllowed</name>
            <type>SA_INT32_T</type>
            <category>SA_CONFIG</category>
            <flag>SA_WRITABLE</flag>
            <flag>SA_NOTIFY</flag>
            <default-value>1</default-value>
        </attr>
        <attr>
            <name>documentServerAddress</name>
            <type>SA_STRING_T</type>
            <category>SA_CONFIG</category>
            <flag>SA_WRITABLE</flag>
            <flag>SA_NOTIFY</flag>
            <default-value/>
        </attr>
        <attr>
            <name>logonServerAddress</name>
            <type>SA_STRING_T</type>
            <category>SA_CONFIG</category>
            <flag>SA_WRITABLE</flag>
            <flag>SA_NOTIFY</flag>
            <default-value/>
        </attr>
        <attr>
            <name>ntpServerAddressPrimary</name>
            <type>SA_STRING_T</type>
            <category>SA_CONFIG</category>
            <flag>SA_WRITABLE</flag>
            <flag>SA_NOTIFY</flag>
            <default-value/>
        </attr>
        <attr>
            <name>ntpServiceActivePrimary</name>
            <type>SA_INT32_T</type>
            <category>SA_CONFIG</category>
            <flag>SA_WRITABLE</flag>
            <flag>SA_NOTIFY</flag>
            <default-value>0</default-value>
        </attr>
        <attr>
            <name>ntpMinPollPrimary</name>
            <type>SA_INT32_T</type>
            <category>SA_CONFIG</category>
            <flag>SA_WRITABLE</flag>
            <flag>SA_NOTIFY</flag>
            <default-value>64</default-value>
        </attr>
        <attr>
            <name>ntpMaxPollPrimary</name>
            <type>SA_INT32_T</type>
            <category>SA_CONFIG</category>
            <flag>SA_WRITABLE</flag>
            <flag>SA_NOTIFY</flag>
            <default-value>1024</default-value>
        </attr>
        <attr>
            <name>ntpBurstFlagPrimary</name>
            <type>SA_INT32_T</type>
            <category>SA_CONFIG</category>
            <flag>SA_WRITABLE</flag>
            <flag>SA_NOTIFY</flag>
            <default-value>0</default-value>
        </attr>
        <attr>
            <name>ntpServerAddressSecondary</name>
            <type>SA_STRING_T</type>
            <category>SA_CONFIG</category>
            <flag>SA_WRITABLE</flag>
            <flag>SA_NOTIFY</flag>
            <default-value/>
        </attr>
        <attr>
            <name>ntpServiceActiveSecondary</name>
            <type>SA_INT32_T</type>
            <category>SA_CONFIG</category>
            <flag>SA_WRITABLE</flag>
            <flag>SA_NOTIFY</flag>
            <default-value>0</default-value>
        </attr>
        <attr>
            <name>ntpMinPollSecondary</name>
            <type>SA_INT32_T</type>
            <category>SA_CONFIG</category>
            <flag>SA_WRITABLE</flag>
            <flag>SA_NOTIFY</flag>
            <default-value>64</default-value>
        </attr>
        <attr>
            <name>ntpMaxPollSecondary</name>
            <type>SA_INT32_T</type>
            <category>SA_CONFIG</category>
            <flag>SA_WRITABLE</flag>
            <flag>SA_NOTIFY</flag>
            <default-value>1024</default-value>
        </attr>
        <attr>
            <name>ntpBurstFlagSecondary</name>
            <type>SA_INT32_T</type>
            <category>SA_CONFIG</category>
            <flag>SA_WRITABLE</flag>
            <flag>SA_NOTIFY</flag>
            <default-value>0</default-value>
        </attr>
        <attr>
            <name>nodeUTCTime</name>
            <type>SA_INT64_T</type>
            <category>SA_CONFIG</category>
            <flag>SA_WRITABLE</flag>
            <flag>SA_NOTIFY</flag>
            <default-value>0</default-value>
        </attr>
        <attr>
            <name>nodeLocalTimeZone</name>
            <type>SA_STRING_T</type>
            <category>SA_CONFIG</category>
            <flag>SA_WRITABLE</flag>
            <flag>SA_NOTIFY</flag>
            <default-value/>
        </attr>
        <attr>
            <name>daylightSavingTime</name>
            <type>SA_INT32_T</type>
            <category>SA_CONFIG</category>
            <flag>SA_WRITABLE</flag>
            <flag>SA_NOTIFY</flag>
            <default-value>0</default-value>
        </attr>
        <attr>
            <name>hdVolumeCSize</name>
            <type>SA_INT32_T</type>
            <category>SA_RUNTIME</category>
        </attr>
        <attr>
            <name>hdVolumeCFreespace</name>
            <type>SA_INT32_T</type>
            <category>SA_RUNTIME</category>
        </attr>
        <attr>
            <name>nodeUniqueID</name>
            <type>SA_STRING_T</type>
            <category>SA_RUNTIME</category>
        </attr>
        <attr>
            <name>swServerUrlList</name>
            <type>SA_STRING_T</type>
            <category>SA_CONFIG</category>
            <flag>SA_WRITABLE</flag>
            <flag>SA_NOTIFY</flag>
            <default-value/>
        </attr>
        <attr>
            <name>piuGroupEscalationType</name>
            <type>SA_INT32_T</type>
            <category>SA_CONFIG</category>
            <flag>SA_WRITABLE</flag>
            <flag>SA_NOTIFY</flag>
            <default-value>4</default-value>
        </attr>
        <attr>
            <name>minimumHdVolumeCFreespace</name>
            <type>SA_INT32_T</type>
            <category>SA_CONFIG</category>
            <flag>SA_WRITABLE</flag>
            <flag>SA_NOTIFY</flag>
            <default-value>0</default-value>
        </attr>
        <attr>
            <name>docLibSystemDefined</name>
            <type>SA_STRING_T</type>
            <category>SA_RUNTIME</category>
        </attr>
        <attr>
            <name>docLibUserDefined</name>
            <type>SA_STRING_T</type>
            <category>SA_CONFIG</category>
            <flag>SA_WRITABLE</flag>
            <flag>SA_NOTIFY</flag>
            <default-value/>
        </attr>
        <attr>
            <name>ntpBurstFlagThird</name>
            <type>SA_INT32_T</type>
            <category>SA_CONFIG</category>
            <flag>SA_WRITABLE</flag>
            <flag>SA_NOTIFY</flag>
            <default-value>0</default-value>
        </attr>
        <attr>
            <name>ntpMaxPollThird</name>
            <type>SA_INT32_T</type>
            <category>SA_CONFIG</category>
            <flag>SA_WRITABLE</flag>
            <flag>SA_NOTIFY</flag>
            <default-value>1024</default-value>
        </attr>
        <attr>
            <name>ntpMinPollThird</name>
            <type>SA_INT32_T</type>
            <category>SA_CONFIG</category>
            <flag>SA_WRITABLE</flag>
            <flag>SA_NOTIFY</flag>
            <default-value>64</default-value>
        </attr>
        <attr>
            <name>ntpServerAddressThird</name>
            <type>SA_STRING_T</type>
            <category>SA_CONFIG</category>
            <flag>SA_WRITABLE</flag>
            <flag>SA_NOTIFY</flag>
            <default-value/>
        </attr>
        <attr>
            <name>ntpServiceActiveThird</name>
            <type>SA_INT32_T</type>
            <category>SA_CONFIG</category>
            <flag>SA_WRITABLE</flag>
            <flag>SA_NOTIFY</flag>
            <default-value>0</default-value>
        </attr>
        <attr>
            <name>autoConfigurationStatus</name>
            <type>SA_INT32_T</type>
            <category>SA_RUNTIME</category>
        </attr>
        <attr>
            <name>hdVolumeCSizeExt</name>
            <type>SA_INT64_T</type>
            <category>SA_RUNTIME</category>
        </attr>
        <attr>
            <name>hdVolumeCFreespaceExt</name>
            <type>SA_INT64_T</type>
            <category>SA_RUNTIME</category>
        </attr>
    </class>
    <class name="MeApplicationConfigurationData">
        <category>SA_CONFIG</category>
        <rdn>
            <name>id</name>
            <type>SA_STRING_T</type>
            <category>SA_CONFIG</category>
            <flag>SA_INITIALIZED</flag>
            <flag>SA_NOTIFY</flag>
        </rdn>
        <attr>
            <name>name</name>
            <type>SA_STRING_T</type>
            <category>SA_CONFIG</category>
            <flag>SA_WRITABLE</flag>
            <flag>SA_NOTIFY</flag>
        </attr>
        <attr>
            <name>value</name>
            <type>SA_STRING_T</type>
            <category>SA_CONFIG</category>
            <flag>SA_WRITABLE</flag>
            <flag>SA_NOTIFY</flag>
        </attr>
    </class>
    <class name="MimInfoRO">
        <category>SA_RUNTIME</category>
        <rdn>
            <name>id</name>
            <type>SA_STRING_T</type>
            <category>SA_RUNTIME</category>
            <flag>SA_CACHED</flag>
            <flag>SA_NOTIFY</flag>
        </rdn>
        <attr>
            <name>mimName</name>
            <type>SA_STRING_T</type>
            <category>SA_RUNTIME</category>
        </attr>
        <attr>
            <name>mimVersion</name>
            <type>SA_STRING_T</type>
            <category>SA_RUNTIME</category>
        </attr>
        <attr>
            <name>mimRelease</name>
            <type>SA_STRING_T</type>
            <category>SA_RUNTIME</category>
        </attr>
    </class>
    <class name="ScheduleEntry">
        <category>SA_CONFIG</category>
        <rdn>
            <name>id</name>
            <type>SA_STRING_T</type>
            <category>SA_CONFIG</category>
            <flag>SA_INITIALIZED</flag>
            <flag>SA_NOTIFY</flag>
        </rdn>
        <attr>
            <name>time</name>
            <type>SA_STRING_T</type>
            <category>SA_CONFIG</category>
            <flag>SA_WRITABLE</flag>
            <flag>SA_NOTIFY</flag>
        </attr>
        <attr>
            <name>weekday</name>
            <type>SA_INT32_T</type>
            <category>SA_CONFIG</category>
            <flag>SA_WRITABLE</flag>
            <flag>SA_NOTIFY</flag>
        </attr>
    </class>
    <class name="HealthCheckResultRO">
        <category>SA_RUNTIME</category>
        <rdn>
            <name>id</name>
            <type>SA_STRING_T</type>
            <category>SA_RUNTIME</category>
            <flag>SA_CACHED</flag>
            <flag>SA_NOTIFY</flag>
        </rdn>
        <attr>
            <name>message</name>
            <type>SA_STRING_T</type>
            <category>SA_RUNTIME</category>
        </attr>
        <attr>
            <name>startTime</name>
            <type>SA_STRING_T</type>
            <category>SA_RUNTIME</category>
        </attr>
        <attr>
            <name>healthCheckResultCode</name>
            <type>SA_INT32_T</type>
            <category>SA_RUNTIME</category>
        </attr>
    </class>
</imm:IMM-contents>
